Archive member included to satisfy reference by file (symbol)

/opt/gcc-arm-none-eabi-7-2018-q2-update/bin/../lib/gcc/arm-none-eabi/7.3.1/../../../../arm-none-eabi/lib/thumb/v7e-m/fpv4-sp/hard/libg.a(lib_a-exit.o)
                              /opt/gcc-arm-none-eabi-7-2018-q2-update/bin/../lib/gcc/arm-none-eabi/7.3.1/../../../../arm-none-eabi/lib/thumb/v7e-m/fpv4-sp/hard/crt0.o (exit)
/opt/gcc-arm-none-eabi-7-2018-q2-update/bin/../lib/gcc/arm-none-eabi/7.3.1/../../../../arm-none-eabi/lib/thumb/v7e-m/fpv4-sp/hard/libg.a(lib_a-impure.o)
                              /opt/gcc-arm-none-eabi-7-2018-q2-update/bin/../lib/gcc/arm-none-eabi/7.3.1/../../../../arm-none-eabi/lib/thumb/v7e-m/fpv4-sp/hard/libg.a(lib_a-exit.o) (_global_impure_ptr)
/opt/gcc-arm-none-eabi-7-2018-q2-update/bin/../lib/gcc/arm-none-eabi/7.3.1/../../../../arm-none-eabi/lib/thumb/v7e-m/fpv4-sp/hard/libg.a(lib_a-init.o)
                              /opt/gcc-arm-none-eabi-7-2018-q2-update/bin/../lib/gcc/arm-none-eabi/7.3.1/../../../../arm-none-eabi/lib/thumb/v7e-m/fpv4-sp/hard/crt0.o (__libc_init_array)
/opt/gcc-arm-none-eabi-7-2018-q2-update/bin/../lib/gcc/arm-none-eabi/7.3.1/../../../../arm-none-eabi/lib/thumb/v7e-m/fpv4-sp/hard/libg.a(lib_a-memcpy.o)
                              ./FreeRTOS/Source/queue.o (memcpy)
/opt/gcc-arm-none-eabi-7-2018-q2-update/bin/../lib/gcc/arm-none-eabi/7.3.1/../../../../arm-none-eabi/lib/thumb/v7e-m/fpv4-sp/hard/libg.a(lib_a-memset.o)
                              /opt/gcc-arm-none-eabi-7-2018-q2-update/bin/../lib/gcc/arm-none-eabi/7.3.1/../../../../arm-none-eabi/lib/thumb/v7e-m/fpv4-sp/hard/crt0.o (memset)
/opt/gcc-arm-none-eabi-7-2018-q2-update/bin/../lib/gcc/arm-none-eabi/7.3.1/../../../../arm-none-eabi/lib/thumb/v7e-m/fpv4-sp/hard/libg.a(lib_a-__call_atexit.o)
                              /opt/gcc-arm-none-eabi-7-2018-q2-update/bin/../lib/gcc/arm-none-eabi/7.3.1/../../../../arm-none-eabi/lib/thumb/v7e-m/fpv4-sp/hard/libg.a(lib_a-exit.o) (__call_exitprocs)
/opt/gcc-arm-none-eabi-7-2018-q2-update/bin/../lib/gcc/arm-none-eabi/7.3.1/../../../../arm-none-eabi/lib/thumb/v7e-m/fpv4-sp/hard/libg.a(lib_a-atexit.o)
                              /opt/gcc-arm-none-eabi-7-2018-q2-update/bin/../lib/gcc/arm-none-eabi/7.3.1/../../../../arm-none-eabi/lib/thumb/v7e-m/fpv4-sp/hard/libg.a(lib_a-__call_atexit.o) (atexit)
/opt/gcc-arm-none-eabi-7-2018-q2-update/bin/../lib/gcc/arm-none-eabi/7.3.1/../../../../arm-none-eabi/lib/thumb/v7e-m/fpv4-sp/hard/libg.a(lib_a-fini.o)
                              /opt/gcc-arm-none-eabi-7-2018-q2-update/bin/../lib/gcc/arm-none-eabi/7.3.1/../../../../arm-none-eabi/lib/thumb/v7e-m/fpv4-sp/hard/libg.a(lib_a-__call_atexit.o) (__libc_fini_array)
/opt/gcc-arm-none-eabi-7-2018-q2-update/bin/../lib/gcc/arm-none-eabi/7.3.1/../../../../arm-none-eabi/lib/thumb/v7e-m/fpv4-sp/hard/libg.a(lib_a-lock.o)
                              /opt/gcc-arm-none-eabi-7-2018-q2-update/bin/../lib/gcc/arm-none-eabi/7.3.1/../../../../arm-none-eabi/lib/thumb/v7e-m/fpv4-sp/hard/libg.a(lib_a-__call_atexit.o) (__retarget_lock_acquire_recursive)
/opt/gcc-arm-none-eabi-7-2018-q2-update/bin/../lib/gcc/arm-none-eabi/7.3.1/../../../../arm-none-eabi/lib/thumb/v7e-m/fpv4-sp/hard/libg.a(lib_a-__atexit.o)
                              /opt/gcc-arm-none-eabi-7-2018-q2-update/bin/../lib/gcc/arm-none-eabi/7.3.1/../../../../arm-none-eabi/lib/thumb/v7e-m/fpv4-sp/hard/libg.a(lib_a-atexit.o) (__register_exitproc)

Allocating common symbols
Common symbol       size              file

__lock___atexit_recursive_mutex
                    0x1               /opt/gcc-arm-none-eabi-7-2018-q2-update/bin/../lib/gcc/arm-none-eabi/7.3.1/../../../../arm-none-eabi/lib/thumb/v7e-m/fpv4-sp/hard/libg.a(lib_a-lock.o)
__lock___arc4random_mutex
                    0x1               /opt/gcc-arm-none-eabi-7-2018-q2-update/bin/../lib/gcc/arm-none-eabi/7.3.1/../../../../arm-none-eabi/lib/thumb/v7e-m/fpv4-sp/hard/libg.a(lib_a-lock.o)
ecu_read_count_end  0x2               ./Source/main.o
xQueueRegistry      0x20              ./FreeRTOS/Source/queue.o
xTaskBuffer         0x54              ./Source/main.o
__lock___env_recursive_mutex
                    0x1               /opt/gcc-arm-none-eabi-7-2018-q2-update/bin/../lib/gcc/arm-none-eabi/7.3.1/../../../../arm-none-eabi/lib/thumb/v7e-m/fpv4-sp/hard/libg.a(lib_a-lock.o)
__lock___sinit_recursive_mutex
                    0x1               /opt/gcc-arm-none-eabi-7-2018-q2-update/bin/../lib/gcc/arm-none-eabi/7.3.1/../../../../arm-none-eabi/lib/thumb/v7e-m/fpv4-sp/hard/libg.a(lib_a-lock.o)
ecu_read            0x108             ./Source/main.o
ecu_read_count      0x2               ./Source/main.o
__lock___malloc_recursive_mutex
                    0x1               /opt/gcc-arm-none-eabi-7-2018-q2-update/bin/../lib/gcc/arm-none-eabi/7.3.1/../../../../arm-none-eabi/lib/thumb/v7e-m/fpv4-sp/hard/libg.a(lib_a-lock.o)
usart2_dma_rx_buffer
                    0x100             ./Source/main.o
[...]
Memory Configuration

Name             Origin             Length             Attributes
RAM1             0x0000000020000000 0x000000000001c000 xrw
RAM2             0x000000002001c000 0x0000000000004000 xrw
RAM3             0x0000000010000000 0x0000000000010000 xrw
RAM4             0x0000000040024000 0x0000000000001000 xrw
RAM5             0x0000000068000000 0x0000000000000000 xrw
ROM              0x0000000008000000 0x0000000000100000 xr
*default*        0x0000000000000000 0xffffffffffffffff

Linker script and memory map

LOAD /opt/gcc-arm-none-eabi-7-2018-q2-update/bin/../lib/gcc/arm-none-eabi/7.3.1/thumb/v7e-m/fpv4-sp/hard/crti.o
LOAD /opt/gcc-arm-none-eabi-7-2018-q2-update/bin/../lib/gcc/arm-none-eabi/7.3.1/thumb/v7e-m/fpv4-sp/hard/crtbegin.o
LOAD /opt/gcc-arm-none-eabi-7-2018-q2-update/bin/../lib/gcc/arm-none-eabi/7.3.1/../../../../arm-none-eabi/lib/thumb/v7e-m/fpv4-sp/hard/crt0.o
LOAD ./Source/crc16_ccitt.o
LOAD ./Source/gpio.o
LOAD ./Source/main.o
LOAD ./Source/rcc.o
LOAD ./Source/startup_stm32f407vgt6.o
LOAD ./Source/system_stm32f4xx.o
LOAD ./Source/uart.o
LOAD ./FreeRTOS/Source/croutine.o
LOAD ./FreeRTOS/Source/event_groups.o
LOAD ./FreeRTOS/Source/list.o
LOAD ./FreeRTOS/Source/port.o
LOAD ./FreeRTOS/Source/queue.o
LOAD ./FreeRTOS/Source/stream_buffer.o
LOAD ./FreeRTOS/Source/tasks.o
LOAD ./FreeRTOS/Source/timers.o
START GROUP
LOAD /opt/gcc-arm-none-eabi-7-2018-q2-update/bin/../lib/gcc/arm-none-eabi/7.3.1/thumb/v7e-m/fpv4-sp/hard/libgcc.a
LOAD /opt/gcc-arm-none-eabi-7-2018-q2-update/bin/../lib/gcc/arm-none-eabi/7.3.1/../../../../arm-none-eabi/lib/thumb/v7e-m/fpv4-sp/hard/libg.a
LOAD /opt/gcc-arm-none-eabi-7-2018-q2-update/bin/../lib/gcc/arm-none-eabi/7.3.1/../../../../arm-none-eabi/lib/thumb/v7e-m/fpv4-sp/hard/libc.a
END GROUP
LOAD /opt/gcc-arm-none-eabi-7-2018-q2-update/bin/../lib/gcc/arm-none-eabi/7.3.1/thumb/v7e-m/fpv4-sp/hard/crtend.o
LOAD /opt/gcc-arm-none-eabi-7-2018-q2-update/bin/../lib/gcc/arm-none-eabi/7.3.1/thumb/v7e-m/fpv4-sp/hard/crtn.o
                0x0000000010010000                _estack = (ORIGIN (RAM3) + LENGTH (RAM3))
                0x000000002001bffc                _heap_end = ((ORIGIN (RAM1) + LENGTH (RAM1)) - 0x4)

.text           0x0000000008000000     0x32c0
                0x0000000008000000                . = ALIGN (0x4)
 *(.isr_vector)
 .isr_vector    0x0000000008000000      0x188 ./Source/startup_stm32f407vgt6.o
                0x0000000008000188                . = ALIGN (0x4)
 *(.text .text.*)
 .text          0x0000000008000188       0x40 /opt/gcc-arm-none-eabi-7-2018-q2-update/bin/../lib/gcc/arm-none-eabi/7.3.1/thumb/v7e-m/fpv4-sp/hard/crtbegin.o
 .text.crc16_ccitt_first
                0x00000000080001c8       0x12 ./Source/crc16_ccitt.o
                0x00000000080001c8                crc16_ccitt_first
 *fill*         0x00000000080001da        0x2 
 .text.crc16_ccitt_next
                0x00000000080001dc       0x40 ./Source/crc16_ccitt.o
                0x00000000080001dc                crc16_ccitt_next
 .text.crc16_ccitt
                0x000000000800021c       0x3c ./Source/crc16_ccitt.o
                0x000000000800021c                crc16_ccitt
 .text.gpio_afr_set
                0x0000000008000258       0x7a ./Source/gpio.o
                0x0000000008000258                gpio_afr_set
 *fill*         0x00000000080002d2        0x2 
 .text.gpio_led_init
                0x00000000080002d4       0x44 ./Source/gpio.o
                0x00000000080002d4                gpio_led_init
 .text.gpio_uart2_init
                0x0000000008000318       0xb0 ./Source/gpio.o
                0x0000000008000318                gpio_uart2_init
 .text.vApplicationGetIdleTaskMemory
                0x00000000080003c8       0x34 ./Source/main.o
                0x00000000080003c8                vApplicationGetIdleTaskMemory
 .text.vApplicationGetTimerTaskMemory
                0x00000000080003fc       0x34 ./Source/main.o
                0x00000000080003fc                vApplicationGetTimerTaskMemory
 .text.vApplicationStackOverflowHook
                0x0000000008000430       0x1e ./Source/main.o
                0x0000000008000430                vApplicationStackOverflowHook
 *fill*         0x000000000800044e        0x2 
 .text.usart2_read
                0x0000000008000450       0x54 ./Source/main.o
                0x0000000008000450                usart2_read
 .text.usart2_readyRead
                0x00000000080004a4       0xc4 ./Source/main.o
                0x00000000080004a4                usart2_readyRead
 .text.usart2_dma_read
                0x0000000008000568       0x48 ./Source/main.o
                0x0000000008000568                usart2_dma_read
 .text.delay_1s
                0x00000000080005b0       0x28 ./Source/main.o
                0x00000000080005b0                delay_1s
 .text.vLedTask
                0x00000000080005d8       0x28 ./Source/main.o
                0x00000000080005d8                vLedTask
 .text.uart2_init
                0x0000000008000600       0x6c ./Source/main.o
                0x0000000008000600                uart2_init
 .text.main     0x000000000800066c       0x50 ./Source/main.o
                0x000000000800066c                main
 .text.rcc_init
                0x00000000080006bc       0x38 ./Source/rcc.o
                0x00000000080006bc                rcc_init
 .text.__Default_Handler
                0x00000000080006f4        0x6 ./Source/startup_stm32f407vgt6.o
                0x00000000080006f4                RTC_Alarm_IRQHandler
                0x00000000080006f4                HASH_RNG_IRQHandler
                0x00000000080006f4                EXTI2_IRQHandler
                0x00000000080006f4                TIM8_CC_IRQHandler
                0x00000000080006f4                DebugMon_Handler
                0x00000000080006f4                TIM1_CC_IRQHandler
                0x00000000080006f4                DMA2_Stream5_IRQHandler
                0x00000000080006f4                HardFault_Handler
                0x00000000080006f4                DMA1_Stream5_IRQHandler
                0x00000000080006f4                PVD_IRQHandler
                0x00000000080006f4                SDIO_IRQHandler
                0x00000000080006f4                TAMP_STAMP_IRQHandler
                0x00000000080006f4                NMI_Handler
                0x00000000080006f4                CAN2_RX1_IRQHandler
                0x00000000080006f4                EXTI3_IRQHandler
                0x00000000080006f4                TIM8_TRG_COM_TIM14_IRQHandler
                0x00000000080006f4                TIM1_UP_TIM10_IRQHandler
                0x00000000080006f4                TIM8_UP_TIM13_IRQHandler
                0x00000000080006f4                I2C3_ER_IRQHandler
                0x00000000080006f4                EXTI0_IRQHandler
                0x00000000080006f4                I2C2_EV_IRQHandler
                0x00000000080006f4                DMA1_Stream2_IRQHandler
                0x00000000080006f4                CAN1_RX0_IRQHandler
                0x00000000080006f4                FPU_IRQHandler
                0x00000000080006f4                OTG_HS_WKUP_IRQHandler
                0x00000000080006f4                UsageFault_Handler
                0x00000000080006f4                CAN2_SCE_IRQHandler
                0x00000000080006f4                DMA2_Stream2_IRQHandler
                0x00000000080006f4                SPI1_IRQHandler
                0x00000000080006f4                TIM6_DAC_IRQHandler
                0x00000000080006f4                TIM1_BRK_TIM9_IRQHandler
                0x00000000080006f4                DCMI_IRQHandler
                0x00000000080006f4                CAN2_RX0_IRQHandler
                0x00000000080006f4                DMA2_Stream3_IRQHandler
                0x00000000080006f4                USART6_IRQHandler
                0x00000000080006f4                USART3_IRQHandler
                0x00000000080006f4                CRYP_IRQHandler
                0x00000000080006f4                CAN1_RX1_IRQHandler
                0x00000000080006f4                UART5_IRQHandler
                0x00000000080006f4                DMA2_Stream0_IRQHandler
                0x00000000080006f4                TIM4_IRQHandler
                0x00000000080006f4                I2C1_EV_IRQHandler
                0x00000000080006f4                DMA1_Stream6_IRQHandler
                0x00000000080006f4                DMA1_Stream1_IRQHandler
                0x00000000080006f4                UART4_IRQHandler
                0x00000000080006f4                TIM3_IRQHandler
                0x00000000080006f4                RCC_IRQHandler
                0x00000000080006f4                TIM8_BRK_TIM12_IRQHandler
                0x00000000080006f4                Default_Handler
                0x00000000080006f4                EXTI15_10_IRQHandler
                0x00000000080006f4                ADC_IRQHandler
                0x00000000080006f4                DMA1_Stream7_IRQHandler
                0x00000000080006f4                TIM7_IRQHandler
                0x00000000080006f4                CAN2_TX_IRQHandler
                0x00000000080006f4                TIM5_IRQHandler
                0x00000000080006f4                DMA2_Stream7_IRQHandler
                0x00000000080006f4                I2C3_EV_IRQHandler
                0x00000000080006f4                EXTI9_5_IRQHandler
                0x00000000080006f4                RTC_WKUP_IRQHandler
                0x00000000080006f4                ETH_WKUP_IRQHandler
                0x00000000080006f4                SPI2_IRQHandler
                0x00000000080006f4                OTG_HS_EP1_IN_IRQHandler
                0x00000000080006f4                MemManage_Handler
                0x00000000080006f4                DMA1_Stream0_IRQHandler
                0x00000000080006f4                CAN1_TX_IRQHandler
                0x00000000080006f4                EXTI4_IRQHandler
                0x00000000080006f4                FSMC_IRQHandler
                0x00000000080006f4                ETH_IRQHandler
                0x00000000080006f4                OTG_HS_EP1_OUT_IRQHandler
                0x00000000080006f4                WWDG_IRQHandler
                0x00000000080006f4                TIM2_IRQHandler
                0x00000000080006f4                OTG_FS_WKUP_IRQHandler
                0x00000000080006f4                TIM1_TRG_COM_TIM11_IRQHandler
                0x00000000080006f4                OTG_HS_IRQHandler
                0x00000000080006f4                EXTI1_IRQHandler
                0x00000000080006f4                USART2_IRQHandler
                0x00000000080006f4                I2C2_ER_IRQHandler
                0x00000000080006f4                DMA2_Stream1_IRQHandler
                0x00000000080006f4                CAN1_SCE_IRQHandler
                0x00000000080006f4                FLASH_IRQHandler
                0x00000000080006f4                DMA2_Stream4_IRQHandler
                0x00000000080006f4                BusFault_Handler
                0x00000000080006f4                USART1_IRQHandler
                0x00000000080006f4                OTG_FS_IRQHandler
                0x00000000080006f4                SPI3_IRQHandler
                0x00000000080006f4                DMA1_Stream4_IRQHandler
                0x00000000080006f4                I2C1_ER_IRQHandler
                0x00000000080006f4                DMA2_Stream6_IRQHandler
                0x00000000080006f4                DMA1_Stream3_IRQHandler
 *fill*         0x00000000080006fa        0x2 
 .text.__Reset_Handler
                0x00000000080006fc       0x9c ./Source/startup_stm32f407vgt6.o
                0x00000000080006fc                Reset_Handler
 .text.SystemInit
                0x0000000008000798       0x6c ./Source/system_stm32f4xx.o
                0x0000000008000798                SystemInit
 .text.SetSysClock
                0x0000000008000804       0xf8 ./Source/system_stm32f4xx.o
 .text.USART_CR1_read
                0x00000000080008fc       0x2e ./Source/uart.o
                0x00000000080008fc                USART_CR1_read
 .text.USART_OVER8_read
                0x000000000800092a       0x1c ./Source/uart.o
                0x000000000800092a                USART_OVER8_read
 .text.USART_BRR_set
                0x0000000008000946       0x38 ./Source/uart.o
                0x0000000008000946                USART_BRR_set
 .text.USART_BaudRate_Set
                0x000000000800097e       0x7a ./Source/uart.o
                0x000000000800097e                USART_BaudRate_Set
 .text.vListInitialise
                0x00000000080009f8       0x40 ./FreeRTOS/Source/list.o
                0x00000000080009f8                vListInitialise
 .text.vListInitialiseItem
                0x0000000008000a38       0x1a ./FreeRTOS/Source/list.o
                0x0000000008000a38                vListInitialiseItem
 .text.vListInsertEnd
                0x0000000008000a52       0x48 ./FreeRTOS/Source/list.o
                0x0000000008000a52                vListInsertEnd
 .text.vListInsert
                0x0000000008000a9a       0x72 ./FreeRTOS/Source/list.o
                0x0000000008000a9a                vListInsert
 .text.uxListRemove
                0x0000000008000b0c       0x54 ./FreeRTOS/Source/list.o
                0x0000000008000b0c                uxListRemove
 .text.pxPortInitialiseStack
                0x0000000008000b60       0x68 ./FreeRTOS/Source/port.o
                0x0000000008000b60                pxPortInitialiseStack
 .text.prvTaskExitError
                0x0000000008000bc8       0x54 ./FreeRTOS/Source/port.o
 *fill*         0x0000000008000c1c        0x4 
 .text.SVC_Handler
                0x0000000008000c20       0x28 ./FreeRTOS/Source/port.o
                0x0000000008000c20                SVC_Handler
 .text.prvPortStartFirstTask
                0x0000000008000c48       0x28 ./FreeRTOS/Source/port.o
 .text.xPortStartScheduler
                0x0000000008000c70      0x15c ./FreeRTOS/Source/port.o
                0x0000000008000c70                xPortStartScheduler
 .text.vPortEnterCritical
                0x0000000008000dcc       0x5c ./FreeRTOS/Source/port.o
                0x0000000008000dcc                vPortEnterCritical
 .text.vPortExitCritical
                0x0000000008000e28       0x50 ./FreeRTOS/Source/port.o
                0x0000000008000e28                vPortExitCritical
 *fill*         0x0000000008000e78        0x8 
 .text.PendSV_Handler
                0x0000000008000e80       0x68 ./FreeRTOS/Source/port.o
                0x0000000008000e80                PendSV_Handler
 .text.SysTick_Handler
                0x0000000008000ee8       0x40 ./FreeRTOS/Source/port.o
                0x0000000008000ee8                SysTick_Handler
 .text.vPortSetupTimerInterrupt
                0x0000000008000f28       0x48 ./FreeRTOS/Source/port.o
                0x0000000008000f28                vPortSetupTimerInterrupt
 .text.vPortEnableVFP
                0x0000000008000f70       0x14 ./FreeRTOS/Source/port.o
 .text.vPortValidateInterruptPriority
                0x0000000008000f84       0x7c ./FreeRTOS/Source/port.o
                0x0000000008000f84                vPortValidateInterruptPriority
 .text.xQueueGenericReset
                0x0000000008001000       0xd0 ./FreeRTOS/Source/queue.o
                0x0000000008001000                xQueueGenericReset
 .text.xQueueGenericCreateStatic
                0x00000000080010d0       0xdc ./FreeRTOS/Source/queue.o
                0x00000000080010d0                xQueueGenericCreateStatic
 .text.prvInitialiseNewQueue
                0x00000000080011ac       0x44 ./FreeRTOS/Source/queue.o
 .text.xQueueGenericSend
                0x00000000080011f0      0x21c ./FreeRTOS/Source/queue.o
                0x00000000080011f0                xQueueGenericSend
 .text.xQueueGenericSendFromISR
                0x000000000800140c      0x14c ./FreeRTOS/Source/queue.o
                0x000000000800140c                xQueueGenericSendFromISR
 .text.xQueueReceive
                0x0000000008001558      0x1b8 ./FreeRTOS/Source/queue.o
                0x0000000008001558                xQueueReceive
 .text.prvCopyDataToQueue
                0x0000000008001710       0xd4 ./FreeRTOS/Source/queue.o
 .text.prvCopyDataFromQueue
                0x00000000080017e4       0x4c ./FreeRTOS/Source/queue.o
 .text.prvUnlockQueue
                0x0000000008001830       0xc0 ./FreeRTOS/Source/queue.o
 .text.prvIsQueueEmpty
                0x00000000080018f0       0x2c ./FreeRTOS/Source/queue.o
 .text.prvIsQueueFull
                0x000000000800191c       0x30 ./FreeRTOS/Source/queue.o
 .text.vQueueAddToRegistry
                0x000000000800194c       0x50 ./FreeRTOS/Source/queue.o
                0x000000000800194c                vQueueAddToRegistry
 .text.vQueueWaitForMessageRestricted
                0x000000000800199c       0x68 ./FreeRTOS/Source/queue.o
                0x000000000800199c                vQueueWaitForMessageRestricted
 .text.prvNotifyQueueSetContainer
                0x0000000008001a04       0xb0 ./FreeRTOS/Source/queue.o
 .text.xTaskCreateStatic
                0x0000000008001ab4       0xaa ./FreeRTOS/Source/tasks.o
                0x0000000008001ab4                xTaskCreateStatic
 .text.prvInitialiseNewTask
                0x0000000008001b5e      0x118 ./FreeRTOS/Source/tasks.o
 *fill*         0x0000000008001c76        0x2 
 .text.prvAddNewTaskToReadyList
                0x0000000008001c78       0xd4 ./FreeRTOS/Source/tasks.o
 .text.vTaskStartScheduler
                0x0000000008001d4c       0xc8 ./FreeRTOS/Source/tasks.o
                0x0000000008001d4c                vTaskStartScheduler
 .text.vTaskSuspendAll
                0x0000000008001e14       0x1c ./FreeRTOS/Source/tasks.o
                0x0000000008001e14                vTaskSuspendAll
 .text.xTaskResumeAll
                0x0000000008001e30      0x138 ./FreeRTOS/Source/tasks.o
                0x0000000008001e30                xTaskResumeAll
 .text.xTaskGetTickCount
                0x0000000008001f68       0x20 ./FreeRTOS/Source/tasks.o
                0x0000000008001f68                xTaskGetTickCount
 .text.xTaskIncrementTick
                0x0000000008001f88      0x178 ./FreeRTOS/Source/tasks.o
                0x0000000008001f88                xTaskIncrementTick
 .text.vTaskSwitchContext
                0x0000000008002100      0x100 ./FreeRTOS/Source/tasks.o
                0x0000000008002100                vTaskSwitchContext
 .text.vTaskPlaceOnEventList
                0x0000000008002200       0x48 ./FreeRTOS/Source/tasks.o
                0x0000000008002200                vTaskPlaceOnEventList
 .text.vTaskPlaceOnEventListRestricted
                0x0000000008002248       0x54 ./FreeRTOS/Source/tasks.o
                0x0000000008002248                vTaskPlaceOnEventListRestricted
 .text.xTaskRemoveFromEventList
                0x000000000800229c       0xc4 ./FreeRTOS/Source/tasks.o
                0x000000000800229c                xTaskRemoveFromEventList
 .text.vTaskInternalSetTimeOutState
                0x0000000008002360       0x2c ./FreeRTOS/Source/tasks.o
                0x0000000008002360                vTaskInternalSetTimeOutState
 .text.xTaskCheckForTimeOut
                0x000000000800238c       0xe0 ./FreeRTOS/Source/tasks.o
                0x000000000800238c                xTaskCheckForTimeOut
 .text.vTaskMissedYield
                0x000000000800246c       0x18 ./FreeRTOS/Source/tasks.o
                0x000000000800246c                vTaskMissedYield
 .text.prvIdleTask
                0x0000000008002484       0x30 ./FreeRTOS/Source/tasks.o
 .text.prvInitialiseTaskLists
                0x00000000080024b4       0x74 ./FreeRTOS/Source/tasks.o
 .text.prvCheckTasksWaitingTermination
                0x0000000008002528        0xe ./FreeRTOS/Source/tasks.o
 *fill*         0x0000000008002536        0x2 
 .text.prvResetNextTaskUnblockTime
                0x0000000008002538       0x4c ./FreeRTOS/Source/tasks.o
 .text.xTaskGetSchedulerState
                0x0000000008002584       0x3c ./FreeRTOS/Source/tasks.o
                0x0000000008002584                xTaskGetSchedulerState
 .text.xTaskPriorityDisinherit
                0x00000000080025c0      0x108 ./FreeRTOS/Source/tasks.o
                0x00000000080025c0                xTaskPriorityDisinherit
 .text.prvAddCurrentTaskToDelayedList
                0x00000000080026c8       0xd4 ./FreeRTOS/Source/tasks.o
 .text.xTimerCreateTimerTask
                0x000000000800279c       0x90 ./FreeRTOS/Source/timers.o
                0x000000000800279c                xTimerCreateTimerTask
 .text.xTimerGenericCommand
                0x000000000800282c       0x98 ./FreeRTOS/Source/timers.o
                0x000000000800282c                xTimerGenericCommand
 .text.prvProcessExpiredTimer
                0x00000000080028c4       0x80 ./FreeRTOS/Source/timers.o
 .text.prvTimerTask
                0x0000000008002944       0x24 ./FreeRTOS/Source/timers.o
 .text.prvProcessTimerOrBlockTask
                0x0000000008002968       0x9c ./FreeRTOS/Source/timers.o
 .text.prvGetNextExpireTime
                0x0000000008002a04       0x48 ./FreeRTOS/Source/timers.o
 .text.prvSampleTimeNow
                0x0000000008002a4c       0x40 ./FreeRTOS/Source/timers.o
 .text.prvInsertTimerInActiveList
                0x0000000008002a8c       0x84 ./FreeRTOS/Source/timers.o
 .text.prvProcessReceivedCommands
                0x0000000008002b10      0x14c ./FreeRTOS/Source/timers.o
 .text.prvSwitchTimerLists
                0x0000000008002c5c       0xc0 ./FreeRTOS/Source/timers.o
 .text.prvCheckForValidListAndQueue
                0x0000000008002d1c       0x80 ./FreeRTOS/Source/timers.o
 .text          0x0000000008002d9c      0x134 /opt/gcc-arm-none-eabi-7-2018-q2-update/bin/../lib/gcc/arm-none-eabi/7.3.1/../../../../arm-none-eabi/lib/thumb/v7e-m/fpv4-sp/hard/libg.a(lib_a-memcpy.o)
                0x0000000008002d9c                memcpy
 .text.memset   0x0000000008002ed0       0x94 /opt/gcc-arm-none-eabi-7-2018-q2-update/bin/../lib/gcc/arm-none-eabi/7.3.1/../../../../arm-none-eabi/lib/thumb/v7e-m/fpv4-sp/hard/libg.a(lib_a-memset.o)
                0x0000000008002ed0                memset
 .text.startup.register_fini
                0x0000000008002f64       0x14 /opt/gcc-arm-none-eabi-7-2018-q2-update/bin/../lib/gcc/arm-none-eabi/7.3.1/../../../../arm-none-eabi/lib/thumb/v7e-m/fpv4-sp/hard/libg.a(lib_a-__call_atexit.o)
 .text.atexit   0x0000000008002f78        0xc /opt/gcc-arm-none-eabi-7-2018-q2-update/bin/../lib/gcc/arm-none-eabi/7.3.1/../../../../arm-none-eabi/lib/thumb/v7e-m/fpv4-sp/hard/libg.a(lib_a-atexit.o)
                0x0000000008002f78                atexit
 .text.__libc_fini_array
                0x0000000008002f84       0x34 /opt/gcc-arm-none-eabi-7-2018-q2-update/bin/../lib/gcc/arm-none-eabi/7.3.1/../../../../arm-none-eabi/lib/thumb/v7e-m/fpv4-sp/hard/libg.a(lib_a-fini.o)
                0x0000000008002f84                __libc_fini_array
 .text.__retarget_lock_acquire_recursive
                0x0000000008002fb8        0x4 /opt/gcc-arm-none-eabi-7-2018-q2-update/bin/../lib/gcc/arm-none-eabi/7.3.1/../../../../arm-none-eabi/lib/thumb/v7e-m/fpv4-sp/hard/libg.a(lib_a-lock.o)
                0x0000000008002fb8                __retarget_lock_acquire_recursive
 .text.__retarget_lock_release_recursive
                0x0000000008002fbc        0x4 /opt/gcc-arm-none-eabi-7-2018-q2-update/bin/../lib/gcc/arm-none-eabi/7.3.1/../../../../arm-none-eabi/lib/thumb/v7e-m/fpv4-sp/hard/libg.a(lib_a-lock.o)
                0x0000000008002fbc                __retarget_lock_release_recursive
 .text.__register_exitproc
                0x0000000008002fc0       0xc0 /opt/gcc-arm-none-eabi-7-2018-q2-update/bin/../lib/gcc/arm-none-eabi/7.3.1/../../../../arm-none-eabi/lib/thumb/v7e-m/fpv4-sp/hard/libg.a(lib_a-__atexit.o)
                0x0000000008002fc0                __register_exitproc
 *(.init)
 .init          0x0000000008003080        0x4 /opt/gcc-arm-none-eabi-7-2018-q2-update/bin/../lib/gcc/arm-none-eabi/7.3.1/thumb/v7e-m/fpv4-sp/hard/crti.o
                0x0000000008003080                _init
 .init          0x0000000008003084        0x8 /opt/gcc-arm-none-eabi-7-2018-q2-update/bin/../lib/gcc/arm-none-eabi/7.3.1/thumb/v7e-m/fpv4-sp/hard/crtn.o
 *(.fini)
 .fini          0x000000000800308c        0x4 /opt/gcc-arm-none-eabi-7-2018-q2-update/bin/../lib/gcc/arm-none-eabi/7.3.1/thumb/v7e-m/fpv4-sp/hard/crti.o
                0x000000000800308c                _fini
 .fini          0x0000000008003090        0x8 /opt/gcc-arm-none-eabi-7-2018-q2-update/bin/../lib/gcc/arm-none-eabi/7.3.1/thumb/v7e-m/fpv4-sp/hard/crtn.o
 *(.gnu.linkonce.t.*)
 *(.glue_7)
 .glue_7        0x0000000008003098        0x0 linker stubs
 *(.glue_7t)
 .glue_7t       0x0000000008003098        0x0 linker stubs
 *(.vfp11_veneer)
 .vfp11_veneer  0x0000000008003098        0x0 linker stubs
 *(.janus_2cc_veneer)
 *(.v4_bx)
 .v4_bx         0x0000000008003098        0x0 linker stubs
 *(.gcc_except_table)
 *(.rodata .rodata.*)
 .rodata.crc16_ccitt_table
                0x0000000008003098      0x200 ./Source/crc16_ccitt.o
 .rodata        0x0000000008003298        0x9 ./Source/main.o
 *fill*         0x00000000080032a1        0x3 
 .rodata        0x00000000080032a4        0x5 ./FreeRTOS/Source/tasks.o
 *fill*         0x00000000080032a9        0x3 
 .rodata        0x00000000080032ac        0xd ./FreeRTOS/Source/timers.o
 *fill*         0x00000000080032b9        0x3 
 .rodata._global_impure_ptr
                0x00000000080032bc        0x4 /opt/gcc-arm-none-eabi-7-2018-q2-update/bin/../lib/gcc/arm-none-eabi/7.3.1/../../../../arm-none-eabi/lib/thumb/v7e-m/fpv4-sp/hard/libg.a(lib_a-impure.o)
                0x00000000080032bc                _global_impure_ptr
 *(vtable)
 *(.ioview .ioview.*)
 *(.gnu.linkonce.r.*)
 *(.ARM.extab* .gnu.linkonce.armextab.*)
                0x00000000080032c0                . = ALIGN (0x4)

.iplt           0x00000000080032c0        0x0
 .iplt          0x00000000080032c0        0x0 /opt/gcc-arm-none-eabi-7-2018-q2-update/bin/../lib/gcc/arm-none-eabi/7.3.1/thumb/v7e-m/fpv4-sp/hard/crtbegin.o

.ctors          0x00000000080032c0        0x0
                [!provide]                        PROVIDE (__ctors_start__ = .)
 *(SORT_BY_NAME(.ctors.*))
 *(.ctors)
                0x00000000080032c0                . = ALIGN (0x4)
                [!provide]                        PROVIDE (__ctors_end__ = .)
                0x00000000080032c0                . = ALIGN (0x4)

.dtors          0x00000000080032c0        0x0
                [!provide]                        PROVIDE (__dtors_start__ = .)
 *(SORT_BY_NAME(.dtors.*))
 *(.dtors)
                0x00000000080032c0                . = ALIGN (0x4)
                [!provide]                        PROVIDE (__dtors_end__ = .)
                0x00000000080032c0                . = ALIGN (0x4)
                0x00000000080032c0                . = ALIGN (0x4)

.eh_frame_hdr
 *(.eh_frame_hdr)

.eh_frame       0x00000000080032c0        0x4
 *(.eh_frame)
 .eh_frame      0x00000000080032c0        0x0 /opt/gcc-arm-none-eabi-7-2018-q2-update/bin/../lib/gcc/arm-none-eabi/7.3.1/thumb/v7e-m/fpv4-sp/hard/crtbegin.o
 .eh_frame      0x00000000080032c0        0x4 /opt/gcc-arm-none-eabi-7-2018-q2-update/bin/../lib/gcc/arm-none-eabi/7.3.1/thumb/v7e-m/fpv4-sp/hard/crtend.o
                [!provide]                        PROVIDE (__exidx_start = .)

.rel.dyn        0x00000000080032c4        0x0
 .rel.iplt      0x00000000080032c4        0x0 /opt/gcc-arm-none-eabi-7-2018-q2-update/bin/../lib/gcc/arm-none-eabi/7.3.1/thumb/v7e-m/fpv4-sp/hard/crtbegin.o

.ARM.exidx
 *(.ARM.exidx* .gnu.linkonce.armexidx.*)
                [!provide]                        PROVIDE (__exidx_end = .)
                0x00000000080032c4                . = ALIGN (0x4)
                0x00000000080032c4                _etext = .
                [!provide]                        PROVIDE (etext = .)
                0x00000000080032c4                _sidata = _etext

.data           0x0000000020000000      0x440 load address 0x00000000080032c4
                0x0000000020000000                . = ALIGN (0x4)
                0x0000000020000000                _sdata = .
                0x0000000020000000                _data = .
 *(.data .data.*)
 .data.SystemCoreClock
                0x0000000020000000        0x4 ./Source/system_stm32f4xx.o
                0x0000000020000000                SystemCoreClock
 .data.uxCriticalNesting
                0x0000000020000004        0x4 ./FreeRTOS/Source/port.o
 .data.impure_data
                0x0000000020000008      0x428 /opt/gcc-arm-none-eabi-7-2018-q2-update/bin/../lib/gcc/arm-none-eabi/7.3.1/../../../../arm-none-eabi/lib/thumb/v7e-m/fpv4-sp/hard/libg.a(lib_a-impure.o)
 .data.__atexit_recursive_mutex
                0x0000000020000430        0x4 /opt/gcc-arm-none-eabi-7-2018-q2-update/bin/../lib/gcc/arm-none-eabi/7.3.1/../../../../arm-none-eabi/lib/thumb/v7e-m/fpv4-sp/hard/libg.a(lib_a-__call_atexit.o)
                0x0000000020000430                __atexit_recursive_mutex
 *(.gnu.linkonce.d*)
                0x0000000020000434                . = ALIGN (0x4)
                0x0000000020000434                PROVIDE (__preinit_array_start = .)
 *(.preinit_array)
                0x0000000020000434                PROVIDE (__preinit_array_end = .)
                0x0000000020000434                . = ALIGN (0x4)
                0x0000000020000434                PROVIDE (__init_array_start = .)
 *(SORT_BY_NAME(.init_array.*))
 .init_array.00000
                0x0000000020000434        0x4 /opt/gcc-arm-none-eabi-7-2018-q2-update/bin/../lib/gcc/arm-none-eabi/7.3.1/../../../../arm-none-eabi/lib/thumb/v7e-m/fpv4-sp/hard/libg.a(lib_a-__call_atexit.o)
 *(.init_array)
 .init_array    0x0000000020000438        0x4 /opt/gcc-arm-none-eabi-7-2018-q2-update/bin/../lib/gcc/arm-none-eabi/7.3.1/thumb/v7e-m/fpv4-sp/hard/crtbegin.o
                0x000000002000043c                PROVIDE (__init_array_end = .)
                0x000000002000043c                . = ALIGN (0x4)
                0x000000002000043c                PROVIDE (__fini_array_start = .)
 *(SORT_BY_NAME(.fini_array.*))
 *(.fini_array)
 .fini_array    0x000000002000043c        0x4 /opt/gcc-arm-none-eabi-7-2018-q2-update/bin/../lib/gcc/arm-none-eabi/7.3.1/thumb/v7e-m/fpv4-sp/hard/crtbegin.o
                0x0000000020000440                PROVIDE (__fini_array_end = .)
 *(.jcr*)
                0x0000000020000440                . = ALIGN (0x4)
 *(.ramfunc*)
                0x0000000020000440                . = ALIGN (0x4)
 *(.RAMtext)
                0x0000000020000440                . = ALIGN (0x4)
                0x0000000020000440                _edata = .

.igot.plt       0x0000000020000440        0x0 load address 0x0000000008003704
 .igot.plt      0x0000000020000440        0x0 /opt/gcc-arm-none-eabi-7-2018-q2-update/bin/../lib/gcc/arm-none-eabi/7.3.1/thumb/v7e-m/fpv4-sp/hard/crtbegin.o

.bss            0x0000000020000440      0xd64 load address 0x0000000008003704
                0x0000000020000440                . = ALIGN (0x4)
                0x0000000020000440                _sbss = .
                0x0000000020000440                __bss_start = .
                0x0000000020000440                __bss_start__ = .
 *(.bss .bss.*)
 .bss           0x0000000020000440       0x1c /opt/gcc-arm-none-eabi-7-2018-q2-update/bin/../lib/gcc/arm-none-eabi/7.3.1/thumb/v7e-m/fpv4-sp/hard/crtbegin.o
 .bss.xIdleTaskTCBBuffer
                0x000000002000045c       0x54 ./Source/main.o
 .bss.xIdleStack
                0x00000000200004b0      0x200 ./Source/main.o
 .bss.xTimerTaskTCBBuffer
                0x00000000200006b0       0x54 ./Source/main.o
 .bss.xTimerStack
                0x0000000020000704      0x200 ./Source/main.o
 .bss.usart2_dma_rx_read_point
                0x0000000020000904        0x1 ./Source/main.o
                0x0000000020000904                usart2_dma_rx_read_point
 .bss.usart2_dma_rx_write_point
                0x0000000020000905        0x1 ./Source/main.o
                0x0000000020000905                usart2_dma_rx_write_point
 .bss.usart2_dma_rx_read_count
                0x0000000020000906        0x1 ./Source/main.o
                0x0000000020000906                usart2_dma_rx_read_count
 .bss.ucMaxSysCallPriority
                0x0000000020000907        0x1 ./FreeRTOS/Source/port.o
 .bss.ulMaxPRIGROUPValue
                0x0000000020000908        0x4 ./FreeRTOS/Source/port.o
 .bss.pxCurrentTCB
                0x000000002000090c        0x4 ./FreeRTOS/Source/tasks.o
                0x000000002000090c                pxCurrentTCB
 .bss.pxReadyTasksLists
                0x0000000020000910      0x140 ./FreeRTOS/Source/tasks.o
 .bss.xDelayedTaskList1
                0x0000000020000a50       0x14 ./FreeRTOS/Source/tasks.o
 .bss.xDelayedTaskList2
                0x0000000020000a64       0x14 ./FreeRTOS/Source/tasks.o
 .bss.pxDelayedTaskList
                0x0000000020000a78        0x4 ./FreeRTOS/Source/tasks.o
 .bss.pxOverflowDelayedTaskList
                0x0000000020000a7c        0x4 ./FreeRTOS/Source/tasks.o
 .bss.xPendingReadyList
                0x0000000020000a80       0x14 ./FreeRTOS/Source/tasks.o
 .bss.xSuspendedTaskList
                0x0000000020000a94       0x14 ./FreeRTOS/Source/tasks.o
 .bss.uxCurrentNumberOfTasks
                0x0000000020000aa8        0x4 ./FreeRTOS/Source/tasks.o
 .bss.xTickCount
                0x0000000020000aac        0x4 ./FreeRTOS/Source/tasks.o
 .bss.uxTopReadyPriority
                0x0000000020000ab0        0x4 ./FreeRTOS/Source/tasks.o
 .bss.xSchedulerRunning
                0x0000000020000ab4        0x4 ./FreeRTOS/Source/tasks.o
 .bss.uxPendedTicks
                0x0000000020000ab8        0x4 ./FreeRTOS/Source/tasks.o
 .bss.xYieldPending
                0x0000000020000abc        0x4 ./FreeRTOS/Source/tasks.o
 .bss.xNumOfOverflows
                0x0000000020000ac0        0x4 ./FreeRTOS/Source/tasks.o
 .bss.uxTaskNumber
                0x0000000020000ac4        0x4 ./FreeRTOS/Source/tasks.o
 .bss.xNextTaskUnblockTime
                0x0000000020000ac8        0x4 ./FreeRTOS/Source/tasks.o
 .bss.xIdleTaskHandle
                0x0000000020000acc        0x4 ./FreeRTOS/Source/tasks.o
 .bss.uxSchedulerSuspended
                0x0000000020000ad0        0x4 ./FreeRTOS/Source/tasks.o
 .bss.xActiveTimerList1
                0x0000000020000ad4       0x14 ./FreeRTOS/Source/timers.o
 .bss.xActiveTimerList2
                0x0000000020000ae8       0x14 ./FreeRTOS/Source/timers.o
 .bss.pxCurrentTimerList
                0x0000000020000afc        0x4 ./FreeRTOS/Source/timers.o
 .bss.pxOverflowTimerList
                0x0000000020000b00        0x4 ./FreeRTOS/Source/timers.o
 .bss.xTimerQueue
                0x0000000020000b04        0x4 ./FreeRTOS/Source/timers.o
 .bss.xTimerTaskHandle
                0x0000000020000b08        0x4 ./FreeRTOS/Source/timers.o
 .bss.xLastTime.8193
                0x0000000020000b0c        0x4 ./FreeRTOS/Source/timers.o
 .bss.ucStaticTimerQueueStorage.8244
                0x0000000020000b10       0x80 ./FreeRTOS/Source/timers.o
 .bss.xStaticTimerQueue.8243
                0x0000000020000b90       0x4c ./FreeRTOS/Source/timers.o
 *(.gnu.linkonce.b*)
 *(COMMON)
 COMMON         0x0000000020000bdc      0x584 ./Source/main.o
                0x0000000020000bdc                ecu_read_count_end
                0x0000000020000be0                xTaskBuffer
                0x0000000020000c34                ecu_read
                0x0000000020000d3c                ecu_read_count
                0x0000000020000d40                usart2_dma_rx_buffer
                0x0000000020000e40                xStack
 COMMON         0x0000000020001160       0x20 ./FreeRTOS/Source/queue.o
                0x0000000020001160                xQueueRegistry
 COMMON         0x0000000020001180       0x21 /opt/gcc-arm-none-eabi-7-2018-q2-update/bin/../lib/gcc/arm-none-eabi/7.3.1/../../../../arm-none-eabi/lib/thumb/v7e-m/fpv4-sp/hard/libg.a(lib_a-lock.o)
                0x0000000020001180                __lock___atexit_recursive_mutex
                0x0000000020001184                __lock___arc4random_mutex
                0x0000000020001188                __lock___env_recursive_mutex
                0x000000002000118c                __lock___sinit_recursive_mutex
                0x0000000020001190                __lock___malloc_recursive_mutex
                0x0000000020001194                __lock___at_quick_exit_mutex
                0x0000000020001198                __lock___dd_hash_mutex
                0x000000002000119c                __lock___tz_mutex
                0x00000000200011a0                __lock___sfp_recursive_mutex
                0x00000000200011a4                . = ALIGN (0x4)
 *fill*         0x00000000200011a1        0x3 
                0x00000000200011a4                _ebss = .
                0x00000000200011a4                __bss_end__ = _end
                [!provide]                        PROVIDE (__bss_end = _end)

.heap           0x00000000200011a4        0x0
                0x00000000200011a4                _end = .
                0x00000000200011a4                end = _end
                [!provide]                        PROVIDE (_end = .)
                [!provide]                        PROVIDE (end = _end)
                [!provide]                        PROVIDE (_heap = .)
 *(.heap .heap.*)
 *(.HEAP)
                0x00000000200011a4                . = ALIGN (0x4)
                0x00000000200011a4                . = ALIGN (0x4)
                0x000000002001bffc                __heap_end = _heap_end
                [!provide]                        PROVIDE (__heap_end = _heap_end)

.dmaram         0x000000002001c000        0x0
                0x000000002001c000                _dmaram = .
                0x000000002001c000                dmaram = .
                [!provide]                        PROVIDE (dmaram = .)
                [!provide]                        PROVIDE (_dmaram = .)
 *(.dmaram .dmaram.*)
 *(.DMARAM)
                0x000000002001c000                . = ALIGN (0x4)

.ccram          0x0000000010000000        0x0
                0x0000000010000000                _ccram_top = .
                [!provide]                        PROVIDE (_ccram_top = .)
 *(.ccram .ccram.*)
 *(.CCRAM)
                0x0000000010000000                _ccram = .
                [!provide]                        PROVIDE (_ccram = .)
                0x0000000010000000                . = ALIGN (0x4)

.stack          0x0000000010000000        0x0
                0x0000000010000000                _stack_top = .
                [!provide]                        PROVIDE (_stack_top = .)
 *(.stack .stack.*)
 *(.STACK)
                0x0000000010000000                _stack = .
                [!provide]                        PROVIDE (_stack = .)
                0x0000000010000000                . = ALIGN (0x8)
                0x0000000010010000                _stack_end = _estack
                [!provide]                        PROVIDE (_stack_end = _estack)

.batram         0x0000000040024000        0x0
                0x0000000040024000                _batram = .
                0x0000000040024000                batram = .
                [!provide]                        PROVIDE (batram = .)
                [!provide]                        PROVIDE (_batram = .)
 *(.batram .batram.*)
 *(.BATRAM)
                0x0000000040024000                . = ALIGN (0x4)

.extram         0x0000000068000000        0x0
                0x0000000068000000                _extram = .
                0x0000000068000000                extram = .
                [!provide]                        PROVIDE (extram = .)
                [!provide]                        PROVIDE (_extram = .)
 *(.extram .extram.*)
 *(.EXTRAM)
                0x0000000068000000                . = ALIGN (0x4)

/DISCARD/
 libc.a(*)
 libm.a(*)
 libgcc.a(*)
 *(.note.GNU-stack)
 *(.gnu.lto*)

.stab
 *(.stab)

.stabstr
 *(.stabstr)

.stab.excl
 *(.stab.excl)

.stab.exclstr
 *(.stab.exclstr)

.stab.index
 *(.stab.index)

.stab.indexstr
 *(.stab.indexstr)

.comment        0x0000000000000000       0x7f
 *(.comment)
 .comment       0x0000000000000000       0x7f ./Source/crc16_ccitt.o
                                         0x80 (size before relaxing)
 .comment       0x000000000000007f       0x80 ./Source/gpio.o
 .comment       0x000000000000007f       0x80 ./Source/main.o
 .comment       0x000000000000007f       0x80 ./Source/rcc.o
 .comment       0x000000000000007f       0x80 ./Source/startup_stm32f407vgt6.o
 .comment       0x000000000000007f       0x80 ./Source/system_stm32f4xx.o
 .comment       0x000000000000007f       0x80 ./Source/uart.o
 .comment       0x000000000000007f       0x80 ./FreeRTOS/Source/list.o
 .comment       0x000000000000007f       0x80 ./FreeRTOS/Source/port.o
 .comment       0x000000000000007f       0x80 ./FreeRTOS/Source/queue.o
 .comment       0x000000000000007f       0x80 ./FreeRTOS/Source/tasks.o
 .comment       0x000000000000007f       0x80 ./FreeRTOS/Source/timers.o

.debug
 *(.debug)

.line
 *(.line)

.debug_srcinfo
 *(.debug_srcinfo)

.debug_sfnames
 *(.debug_sfnames)

.debug_aranges  0x0000000000000000      0x5e0
 *(.debug_aranges)
 .debug_aranges
                0x0000000000000000       0x38 ./Source/crc16_ccitt.o
 .debug_aranges
                0x0000000000000038       0x30 ./Source/gpio.o
 .debug_aranges
                0x0000000000000068       0x68 ./Source/main.o
 .debug_aranges
                0x00000000000000d0       0x20 ./Source/rcc.o
 .debug_aranges
                0x00000000000000f0       0x28 ./Source/startup_stm32f407vgt6.o
 .debug_aranges
                0x0000000000000118       0x30 ./Source/system_stm32f4xx.o
 .debug_aranges
                0x0000000000000148       0x38 ./Source/uart.o
 .debug_aranges
                0x0000000000000180       0x40 ./FreeRTOS/Source/list.o
 .debug_aranges
                0x00000000000001c0       0x80 ./FreeRTOS/Source/port.o
 .debug_aranges
                0x0000000000000240      0x140 ./FreeRTOS/Source/queue.o
 .debug_aranges
                0x0000000000000380      0x198 ./FreeRTOS/Source/tasks.o
 .debug_aranges
                0x0000000000000518       0xc8 ./FreeRTOS/Source/timers.o

.debug_pubnames
 *(.debug_pubnames)

.debug_info     0x0000000000000000     0x8816
 *(.debug_info .gnu.linkonce.wi.*)
 .debug_info    0x0000000000000000      0x1c5 ./Source/crc16_ccitt.o
 .debug_info    0x00000000000001c5      0x203 ./Source/gpio.o
 .debug_info    0x00000000000003c8      0x749 ./Source/main.o
 .debug_info    0x0000000000000b11      0x2ad ./Source/rcc.o
 .debug_info    0x0000000000000dbe      0x193 ./Source/startup_stm32f407vgt6.o
 .debug_info    0x0000000000000f51      0x612 ./Source/system_stm32f4xx.o
 .debug_info    0x0000000000001563      0x2bc ./Source/uart.o
 .debug_info    0x000000000000181f      0xafc ./FreeRTOS/Source/list.o
 .debug_info    0x000000000000231b      0x576 ./FreeRTOS/Source/port.o
 .debug_info    0x0000000000002891     0x224d ./FreeRTOS/Source/queue.o
 .debug_info    0x0000000000004ade     0x240d ./FreeRTOS/Source/tasks.o
 .debug_info    0x0000000000006eeb     0x192b ./FreeRTOS/Source/timers.o

.debug_abbrev   0x0000000000000000     0x160d
 *(.debug_abbrev)
 .debug_abbrev  0x0000000000000000       0xea ./Source/crc16_ccitt.o
 .debug_abbrev  0x00000000000000ea      0x10b ./Source/gpio.o
 .debug_abbrev  0x00000000000001f5      0x202 ./Source/main.o
 .debug_abbrev  0x00000000000003f7       0xc3 ./Source/rcc.o
 .debug_abbrev  0x00000000000004ba       0xb9 ./Source/startup_stm32f407vgt6.o
 .debug_abbrev  0x0000000000000573      0x15d ./Source/system_stm32f4xx.o
 .debug_abbrev  0x00000000000006d0      0x12c ./Source/uart.o
 .debug_abbrev  0x00000000000007fc      0x205 ./FreeRTOS/Source/list.o
 .debug_abbrev  0x0000000000000a01      0x221 ./FreeRTOS/Source/port.o
 .debug_abbrev  0x0000000000000c22      0x37f ./FreeRTOS/Source/queue.o
 .debug_abbrev  0x0000000000000fa1      0x384 ./FreeRTOS/Source/tasks.o
 .debug_abbrev  0x0000000000001325      0x2e8 ./FreeRTOS/Source/timers.o

.debug_line     0x0000000000000000     0x454f
 *(.debug_line)
 .debug_line    0x0000000000000000      0x256 ./Source/crc16_ccitt.o
 .debug_line    0x0000000000000256      0x2de ./Source/gpio.o
 .debug_line    0x0000000000000534      0x4d3 ./Source/main.o
 .debug_line    0x0000000000000a07      0x2a9 ./Source/rcc.o
 .debug_line    0x0000000000000cb0      0x25c ./Source/startup_stm32f407vgt6.o
 .debug_line    0x0000000000000f0c      0x31f ./Source/system_stm32f4xx.o
 .debug_line    0x000000000000122b      0x2fa ./Source/uart.o
 .debug_line    0x0000000000001525      0x47f ./FreeRTOS/Source/list.o
 .debug_line    0x00000000000019a4      0x5b3 ./FreeRTOS/Source/port.o
 .debug_line    0x0000000000001f57      0xec0 ./FreeRTOS/Source/queue.o
 .debug_line    0x0000000000002e17      0xf3e ./FreeRTOS/Source/tasks.o
 .debug_line    0x0000000000003d55      0x7fa ./FreeRTOS/Source/timers.o

.debug_frame    0x0000000000000000     0x1800
 *(.debug_frame)
 .debug_frame   0x0000000000000000       0xa0 ./Source/crc16_ccitt.o
 .debug_frame   0x00000000000000a0       0x74 ./Source/gpio.o
 .debug_frame   0x0000000000000114      0x16c ./Source/main.o
 .debug_frame   0x0000000000000280       0x30 ./Source/rcc.o
 .debug_frame   0x00000000000002b0       0x4c ./Source/startup_stm32f407vgt6.o
 .debug_frame   0x00000000000002fc       0x7c ./Source/system_stm32f4xx.o
 .debug_frame   0x0000000000000378       0xa8 ./Source/uart.o
 .debug_frame   0x0000000000000420       0xd8 ./FreeRTOS/Source/list.o
 .debug_frame   0x00000000000004f8      0x1a8 ./FreeRTOS/Source/port.o
 .debug_frame   0x00000000000006a0      0x574 ./FreeRTOS/Source/queue.o
 .debug_frame   0x0000000000000c14      0x6e0 ./FreeRTOS/Source/tasks.o
 .debug_frame   0x00000000000012f4      0x340 ./FreeRTOS/Source/timers.o
 .debug_frame   0x0000000000001634       0x38 /opt/gcc-arm-none-eabi-7-2018-q2-update/bin/../lib/gcc/arm-none-eabi/7.3.1/../../../../arm-none-eabi/lib/thumb/v7e-m/fpv4-sp/hard/libg.a(lib_a-memset.o)
 .debug_frame   0x000000000000166c       0x5c /opt/gcc-arm-none-eabi-7-2018-q2-update/bin/../lib/gcc/arm-none-eabi/7.3.1/../../../../arm-none-eabi/lib/thumb/v7e-m/fpv4-sp/hard/libg.a(lib_a-__call_atexit.o)
 .debug_frame   0x00000000000016c8       0x20 /opt/gcc-arm-none-eabi-7-2018-q2-update/bin/../lib/gcc/arm-none-eabi/7.3.1/../../../../arm-none-eabi/lib/thumb/v7e-m/fpv4-sp/hard/libg.a(lib_a-atexit.o)
 .debug_frame   0x00000000000016e8       0x34 /opt/gcc-arm-none-eabi-7-2018-q2-update/bin/../lib/gcc/arm-none-eabi/7.3.1/../../../../arm-none-eabi/lib/thumb/v7e-m/fpv4-sp/hard/libg.a(lib_a-fini.o)
 .debug_frame   0x000000000000171c       0xb0 /opt/gcc-arm-none-eabi-7-2018-q2-update/bin/../lib/gcc/arm-none-eabi/7.3.1/../../../../arm-none-eabi/lib/thumb/v7e-m/fpv4-sp/hard/libg.a(lib_a-lock.o)
 .debug_frame   0x00000000000017cc       0x34 /opt/gcc-arm-none-eabi-7-2018-q2-update/bin/../lib/gcc/arm-none-eabi/7.3.1/../../../../arm-none-eabi/lib/thumb/v7e-m/fpv4-sp/hard/libg.a(lib_a-__atexit.o)

.debug_str      0x0000000000000000    0x46a6d
 *(.debug_str)
 .debug_str     0x0000000000000000     0x3d89 ./Source/crc16_ccitt.o
                                       0x3f91 (size before relaxing)
 .debug_str     0x0000000000003d89    0x3852c ./Source/gpio.o
                                      0x3c124 (size before relaxing)
 .debug_str     0x000000000003c2b5     0x3cb2 ./Source/main.o
                                      0x400da (size before relaxing)
 .debug_str     0x000000000003ff67       0xef ./Source/rcc.o
                                      0x3c1a6 (size before relaxing)
 .debug_str     0x0000000000040056      0x132 ./Source/startup_stm32f407vgt6.o
                                       0x3d2d (size before relaxing)
 .debug_str     0x0000000000040188      0x14c ./Source/system_stm32f4xx.o
                                      0x3c2f4 (size before relaxing)
 .debug_str     0x00000000000402d4       0x88 ./Source/uart.o
                                      0x3c1ae (size before relaxing)
 .debug_str     0x000000000004035c     0x2d22 ./FreeRTOS/Source/list.o
                                      0x42316 (size before relaxing)
 .debug_str     0x000000000004307e      0x810 ./FreeRTOS/Source/port.o
                                      0x403bf (size before relaxing)
 .debug_str     0x000000000004388e     0x113e ./FreeRTOS/Source/queue.o
                                      0x43a3a (size before relaxing)
 .debug_str     0x00000000000449cc     0x1b1f ./FreeRTOS/Source/tasks.o
                                      0x44625 (size before relaxing)
 .debug_str     0x00000000000464eb      0x582 ./FreeRTOS/Source/timers.o
                                      0x43f63 (size before relaxing)

.debug_loc
 *(.debug_loc)

.debug_macinfo
 *(.debug_macinfo)

.debug_weaknames
 *(.debug_weaknames)

.debug_funcnames
 *(.debug_funcnames)

.debug_typenames
 *(.debug_typenames)

.debug_varnames
 *(.debug_varnames)

.note.gnu.arm.ident
 *(.note.gnu.arm.ident)

.ARM.attributes
                0x0000000000000000       0x30
 *(.ARM.attributes)
 .ARM.attributes
                0x0000000000000000       0x22 /opt/gcc-arm-none-eabi-7-2018-q2-update/bin/../lib/gcc/arm-none-eabi/7.3.1/thumb/v7e-m/fpv4-sp/hard/crti.o
 .ARM.attributes
                0x0000000000000022       0x34 /opt/gcc-arm-none-eabi-7-2018-q2-update/bin/../lib/gcc/arm-none-eabi/7.3.1/thumb/v7e-m/fpv4-sp/hard/crtbegin.o
 .ARM.attributes
                0x0000000000000056       0x20 /opt/gcc-arm-none-eabi-7-2018-q2-update/bin/../lib/gcc/arm-none-eabi/7.3.1/../../../../arm-none-eabi/lib/thumb/v7e-m/fpv4-sp/hard/crt0.o
 .ARM.attributes
                0x0000000000000076       0x39 ./Source/crc16_ccitt.o
 .ARM.attributes
                0x00000000000000af       0x39 ./Source/gpio.o
 .ARM.attributes
                0x00000000000000e8       0x39 ./Source/main.o
 .ARM.attributes
                0x0000000000000121       0x39 ./Source/rcc.o
 .ARM.attributes
                0x000000000000015a       0x39 ./Source/startup_stm32f407vgt6.o
 .ARM.attributes
                0x0000000000000193       0x39 ./Source/system_stm32f4xx.o
 .ARM.attributes
                0x00000000000001cc       0x39 ./Source/uart.o
 .ARM.attributes
                0x0000000000000205       0x39 ./FreeRTOS/Source/croutine.o
 .ARM.attributes
                0x000000000000023e       0x39 ./FreeRTOS/Source/event_groups.o
 .ARM.attributes
                0x0000000000000277       0x39 ./FreeRTOS/Source/list.o
 .ARM.attributes
                0x00000000000002b0       0x39 ./FreeRTOS/Source/port.o
 .ARM.attributes
                0x00000000000002e9       0x39 ./FreeRTOS/Source/queue.o
 .ARM.attributes
                0x0000000000000322       0x39 ./FreeRTOS/Source/stream_buffer.o
 .ARM.attributes
                0x000000000000035b       0x39 ./FreeRTOS/Source/tasks.o
 .ARM.attributes
                0x0000000000000394       0x39 ./FreeRTOS/Source/timers.o
 .ARM.attributes
                0x00000000000003cd       0x34 /opt/gcc-arm-none-eabi-7-2018-q2-update/bin/../lib/gcc/arm-none-eabi/7.3.1/../../../../arm-none-eabi/lib/thumb/v7e-m/fpv4-sp/hard/libg.a(lib_a-exit.o)
 .ARM.attributes
                0x0000000000000401       0x34 /opt/gcc-arm-none-eabi-7-2018-q2-update/bin/../lib/gcc/arm-none-eabi/7.3.1/../../../../arm-none-eabi/lib/thumb/v7e-m/fpv4-sp/hard/libg.a(lib_a-impure.o)
 .ARM.attributes
                0x0000000000000435       0x34 /opt/gcc-arm-none-eabi-7-2018-q2-update/bin/../lib/gcc/arm-none-eabi/7.3.1/../../../../arm-none-eabi/lib/thumb/v7e-m/fpv4-sp/hard/libg.a(lib_a-init.o)
 .ARM.attributes
                0x0000000000000469       0x20 /opt/gcc-arm-none-eabi-7-2018-q2-update/bin/../lib/gcc/arm-none-eabi/7.3.1/../../../../arm-none-eabi/lib/thumb/v7e-m/fpv4-sp/hard/libg.a(lib_a-memcpy.o)
 .ARM.attributes
                0x0000000000000489       0x34 /opt/gcc-arm-none-eabi-7-2018-q2-update/bin/../lib/gcc/arm-none-eabi/7.3.1/../../../../arm-none-eabi/lib/thumb/v7e-m/fpv4-sp/hard/libg.a(lib_a-memset.o)
 .ARM.attributes
                0x00000000000004bd       0x34 /opt/gcc-arm-none-eabi-7-2018-q2-update/bin/../lib/gcc/arm-none-eabi/7.3.1/../../../../arm-none-eabi/lib/thumb/v7e-m/fpv4-sp/hard/libg.a(lib_a-__call_atexit.o)
 .ARM.attributes
                0x00000000000004f1       0x34 /opt/gcc-arm-none-eabi-7-2018-q2-update/bin/../lib/gcc/arm-none-eabi/7.3.1/../../../../arm-none-eabi/lib/thumb/v7e-m/fpv4-sp/hard/libg.a(lib_a-atexit.o)
 .ARM.attributes
                0x0000000000000525       0x34 /opt/gcc-arm-none-eabi-7-2018-q2-update/bin/../lib/gcc/arm-none-eabi/7.3.1/../../../../arm-none-eabi/lib/thumb/v7e-m/fpv4-sp/hard/libg.a(lib_a-fini.o)
 .ARM.attributes
                0x0000000000000559       0x34 /opt/gcc-arm-none-eabi-7-2018-q2-update/bin/../lib/gcc/arm-none-eabi/7.3.1/../../../../arm-none-eabi/lib/thumb/v7e-m/fpv4-sp/hard/libg.a(lib_a-lock.o)
 .ARM.attributes
                0x000000000000058d       0x34 /opt/gcc-arm-none-eabi-7-2018-q2-update/bin/../lib/gcc/arm-none-eabi/7.3.1/../../../../arm-none-eabi/lib/thumb/v7e-m/fpv4-sp/hard/libg.a(lib_a-__atexit.o)
 .ARM.attributes
                0x00000000000005c1       0x34 /opt/gcc-arm-none-eabi-7-2018-q2-update/bin/../lib/gcc/arm-none-eabi/7.3.1/thumb/v7e-m/fpv4-sp/hard/crtend.o
 .ARM.attributes
                0x00000000000005f5       0x22 /opt/gcc-arm-none-eabi-7-2018-q2-update/bin/../lib/gcc/arm-none-eabi/7.3.1/thumb/v7e-m/fpv4-sp/hard/crtn.o
OUTPUT(stm32f4discovery.elf elf32-littlearm)

.debug_ranges   0x0000000000000000      0x520
 .debug_ranges  0x0000000000000000       0x28 ./Source/crc16_ccitt.o
 .debug_ranges  0x0000000000000028       0x20 ./Source/gpio.o
 .debug_ranges  0x0000000000000048       0x58 ./Source/main.o
 .debug_ranges  0x00000000000000a0       0x10 ./Source/rcc.o
 .debug_ranges  0x00000000000000b0       0x18 ./Source/startup_stm32f407vgt6.o
 .debug_ranges  0x00000000000000c8       0x20 ./Source/system_stm32f4xx.o
 .debug_ranges  0x00000000000000e8       0x28 ./Source/uart.o
 .debug_ranges  0x0000000000000110       0x30 ./FreeRTOS/Source/list.o
 .debug_ranges  0x0000000000000140       0x70 ./FreeRTOS/Source/port.o
 .debug_ranges  0x00000000000001b0      0x130 ./FreeRTOS/Source/queue.o
 .debug_ranges  0x00000000000002e0      0x188 ./FreeRTOS/Source/tasks.o
 .debug_ranges  0x0000000000000468       0xb8 ./FreeRTOS/Source/timers.o

.debug_macro    0x0000000000000000     0xcaf4
 .debug_macro   0x0000000000000000       0x76 ./Source/crc16_ccitt.o
 .debug_macro   0x0000000000000076      0xa48 ./Source/crc16_ccitt.o
 .debug_macro   0x0000000000000abe       0x22 ./Source/crc16_ccitt.o
 .debug_macro   0x0000000000000ae0       0x8e ./Source/crc16_ccitt.o
 .debug_macro   0x0000000000000b6e       0x51 ./Source/crc16_ccitt.o
 .debug_macro   0x0000000000000bbf       0xef ./Source/crc16_ccitt.o
 .debug_macro   0x0000000000000cae       0x6a ./Source/crc16_ccitt.o
 .debug_macro   0x0000000000000d18      0x1df ./Source/crc16_ccitt.o
 .debug_macro   0x0000000000000ef7      0x174 ./Source/crc16_ccitt.o
 .debug_macro   0x000000000000106b       0xb5 ./Source/gpio.o
 .debug_macro   0x0000000000001120       0x65 ./Source/gpio.o
 .debug_macro   0x0000000000001185       0x3b ./Source/gpio.o
 .debug_macro   0x00000000000011c0       0x34 ./Source/gpio.o
 .debug_macro   0x00000000000011f4       0x26 ./Source/gpio.o
 .debug_macro   0x000000000000121a      0xe43 ./Source/gpio.o
 .debug_macro   0x000000000000205d     0x91de ./Source/gpio.o
 .debug_macro   0x000000000000b23b      0x180 ./Source/main.o
 .debug_macro   0x000000000000b3bb      0x19c ./Source/main.o
 .debug_macro   0x000000000000b557      0x15a ./Source/main.o
 .debug_macro   0x000000000000b6b1       0xd7 ./Source/main.o
 .debug_macro   0x000000000000b788       0x10 ./Source/main.o
 .debug_macro   0x000000000000b798       0x1f ./Source/main.o
 .debug_macro   0x000000000000b7b7      0x35a ./Source/main.o
 .debug_macro   0x000000000000bb11       0xb5 ./Source/main.o
 .debug_macro   0x000000000000bbc6       0x8c ./Source/main.o
 .debug_macro   0x000000000000bc52       0x22 ./Source/main.o
 .debug_macro   0x000000000000bc74       0x22 ./Source/main.o
 .debug_macro   0x000000000000bc96       0xb5 ./Source/rcc.o
 .debug_macro   0x000000000000bd4b       0x7f ./Source/startup_stm32f407vgt6.o
 .debug_macro   0x000000000000bdca       0xcf ./Source/system_stm32f4xx.o
 .debug_macro   0x000000000000be99       0xbe ./Source/uart.o
 .debug_macro   0x000000000000bf57      0x1c7 ./FreeRTOS/Source/list.o
 .debug_macro   0x000000000000c11e      0x1e3 ./FreeRTOS/Source/port.o
 .debug_macro   0x000000000000c301      0x24d ./FreeRTOS/Source/queue.o
 .debug_macro   0x000000000000c54e       0x16 ./FreeRTOS/Source/queue.o
 .debug_macro   0x000000000000c564       0x35 ./FreeRTOS/Source/queue.o
 .debug_macro   0x000000000000c599       0x86 ./FreeRTOS/Source/queue.o
 .debug_macro   0x000000000000c61f      0x2bb ./FreeRTOS/Source/tasks.o
 .debug_macro   0x000000000000c8da       0x10 ./FreeRTOS/Source/tasks.o
 .debug_macro   0x000000000000c8ea      0x20a ./FreeRTOS/Source/timers.o
